step1: 576 generations
[e04gen] 10/576  20s  $0.01
[e04gen] 20/576  33s  $0.02
[e04gen] 30/576  44s  $0.04
[e04gen] 40/576  58s  $0.05
[e04gen] 50/576  71s  $0.06
[e04gen] 60/576  85s  $0.07
[e04gen] 70/576  98s  $0.08
[e04gen] 80/576  111s  $0.10
[e04gen] 90/576  126s  $0.11
[e04gen] 100/576  137s  $0.12
[e04gen] 110/576  155s  $0.13
[e04gen] 120/576  166s  $0.15
[e04gen] 130/576  180s  $0.16
[e04gen] 140/576  192s  $0.17
[e04gen] 150/576  203s  $0.18
[e04gen] 160/576  219s  $0.20
[e04gen] 170/576  233s  $0.21
[e04gen] 180/576  245s  $0.22
[e04gen] 190/576  257s  $0.23
[e04gen] 200/576  271s  $0.25
[e04gen] 210/576  285s  $0.26
[e04gen] 220/576  298s  $0.28
[e04gen] 230/576  310s  $0.30
[e04gen] 240/576  320s  $0.31
[e04gen] 250/576  336s  $0.33
[e04gen] 260/576  349s  $0.35
[e04gen] 270/576  364s  $0.36
[e04gen] 280/576  384s  $0.38
[e04gen] 290/576  394s  $0.40
[e04gen] 300/576  404s  $0.41
[e04gen] 310/576  420s  $0.43
[e04gen] 320/576  429s  $0.45
[e04gen] 330/576  443s  $0.46
[e04gen] 340/576  457s  $0.48
[e04gen] 350/576  470s  $0.49
[e04gen] 360/576  485s  $0.51
[e04gen] 370/576  496s  $0.53
[e04gen] 380/576  515s  $0.54
[e04gen] 390/576  529s  $0.56
[e04gen] 400/576  543s  $0.59
[e04gen] 410/576  557s  $0.62
[e04gen] 420/576  572s  $0.64
[e04gen] 430/576  585s  $0.67
[e04gen] 440/576  598s  $0.69
[e04gen] 450/576  610s  $0.72
[e04gen] 460/576  627s  $0.75
[e04gen] 470/576  638s  $0.77
[e04gen] 480/576  657s  $0.80
[e04gen] 490/576  668s  $0.82
[e04gen] 500/576  681s  $0.85
[e04gen] 510/576  698s  $0.88
[e04gen] 520/576  712s  $0.90
[e04gen] 530/576  727s  $0.93
[e04gen] 540/576  739s  $0.95
[e04gen] 550/576  757s  $0.98
[e04gen] 560/576  768s  $1.00
[e04gen] 570/576  786s  $1.03
[e04gen] 576/576  799s  $1.04
step2: 370 authorship probes
[e04] 25/370 39s
[e04] 50/370 73s
[e04] 75/370 106s
[e04] 100/370 140s
[e04] 125/370 178s
[e04] 150/370 206s
[e04] 175/370 240s
[e04] 200/370 275s
[e04] 225/370 311s
[e04] 250/370 345s
[e04] 275/370 379s
[e04] 300/370 414s
[e04] 325/370 447s
[e04] 350/370 482s
rows=370
