haiku45: 336 sequences
[e07:haiku45] 25/336 52s
[e07:haiku45] 50/336 88s
[e07:haiku45] 75/336 140s
[e07:haiku45] 100/336 179s
[e07:haiku45] 125/336 225s
[e07:haiku45] 150/336 265s
[e07:haiku45] 175/336 305s
[e07:haiku45] 200/336 343s
[e07:haiku45] 225/336 383s
[e07:haiku45] 250/336 421s
[e07:haiku45] 275/336 461s
[e07:haiku45] 300/336 503s
[e07:haiku45] 325/336 548s
sonnet5: 336 sequences
[e07:sonnet5] 25/336 66s
[e07:sonnet5] 50/336 118s
[e07:sonnet5] 75/336 165s
[e07:sonnet5] 100/336 206s
[e07:sonnet5] 125/336 261s
[e07:sonnet5] 150/336 293s
[e07:sonnet5] 175/336 316s
[e07:sonnet5] 200/336 334s
[e07:sonnet5] 225/336 357s
[e07:sonnet5] 250/336 376s
[e07:sonnet5] 275/336 395s
[e07:sonnet5] 300/336 434s
[e07:sonnet5] 325/336 490s
opus5: 336 sequences
[e07:opus5] 25/336 74s
[e07:opus5] 50/336 131s
[e07:opus5] 75/336 206s
[e07:opus5] 100/336 272s
[e07:opus5] 125/336 336s
[e07:opus5] 150/336 380s
[e07:opus5] 175/336 410s
[e07:opus5] 200/336 432s
[e07:opus5] 225/336 459s
[e07:opus5] 250/336 479s
[e07:opus5] 275/336 506s
[e07:opus5] 300/336 558s
[e07:opus5] 325/336 630s
rows=1008 -> /home/user/AiConsciousness/data/processed/e07_rows.json
