[22:30:32] START e01B
[22:30:36] phaseA done
[22:30:36] E1 phase B start
[04:35:40] START e01B
[04:44:26] END e01B rc=0
[04:44:26] START e01C
[04:52:14] END e01C rc=0
[04:52:14] START e03
[05:04:35] END e03 rc=0
[05:04:36] START e03b
[05:09:32] END e03b rc=0
[05:09:32] START e03c
[19:41:07] START e03
[19:57:14] END e03 rc=0
[19:57:14] START e03b
[19:59:52] START e03b
[20:03:53] END e03b rc=0
[20:03:53] START e03c
[20:10:51] END e03c rc=0
[20:10:51] START e03d
[20:29:12] END e03d rc=0
[20:29:12] START e05b
[21:15:24] END e05b rc=0
[21:15:24] START e05i
[21:27:42] END e05i rc=0
[21:27:42] START e01D
[22:04:17] END e01D rc=0
[22:04:17] START e01C2
[22:30:48] END e01C2 rc=0
[22:30:48] START e02a
[23:00:24] END e02a rc=0
[23:00:24] START e02c
[00:09:42] END e02c rc=0
[00:09:42] START e08
[00:19:27] END e08 rc=0
[00:19:27] START e07
[00:49:30] END e07 rc=0
[00:49:30] START e04
[01:11:18] END e04 rc=0
[01:11:18] ALL DONE
[14:58:23] --- queue reset, resuming after quota reset ---
[14:58:23] START e03c
